
> @corca-ai/cf-vfs@0.4.2 lint
> biome check

bench/git-api-experiments-2026-10-09/prepare-metadata.mjs:5:37 lint/style/useTemplate  FIXABLE  ━━━━━━━━━━

  i Template literals are preferred over string concatenation.
  
    3 │ const root = "/tmp/cf-vfs-api-experiments/stat-many";
    4 │ await mkdir(root, { recursive: true });
  > 5 │ await cp(process.argv[2] ?? "dist", root + "/dist", { recursive: true });
      │                                     ^^^^^^^^^^^^^^
    6 │ await writeFile(root + "/package.json", '{"type":"module"}');
    7 │ let file = root + "/dist/vfs/sql-query-base.js";
  
  i Unsafe fix: Use a template literal.
  
     3  3 │   const root = "/tmp/cf-vfs-api-experiments/stat-many";
     4  4 │   await mkdir(root, { recursive: true });
     5    │ - await·cp(process.argv[2]·??·"dist",·root·+·"/dist",·{·recursive:·true·});
        5 │ + await·cp(process.argv[2]·??·"dist",·`${root}/dist`,·{·recursive:·true·});
     6  6 │   await writeFile(root + "/package.json", '{"type":"module"}');
     7  7 │   let file = root + "/dist/vfs/sql-query-base.js";
  

bench/git-api-experiments-2026-10-09/prepare-metadata.mjs:6:17 lint/style/useTemplate  FIXABLE  ━━━━━━━━━━

  i Template literals are preferred over string concatenation.
  
    4 │ await mkdir(root, { recursive: true });
    5 │ await cp(process.argv[2] ?? "dist", root + "/dist", { recursive: true });
  > 6 │ await writeFile(root + "/package.json", '{"type":"module"}');
      │                 ^^^^^^^^^^^^^^^^^^^^^^
    7 │ let file = root + "/dist/vfs/sql-query-base.js";
    8 │ let s = await readFile(file, "utf8");
  
  i Unsafe fix: Use a template literal.
  
     4  4 │   await mkdir(root, { recursive: true });
     5  5 │   await cp(process.argv[2] ?? "dist", root + "/dist", { recursive: true });
     6    │ - await·writeFile(root·+·"/package.json",·'{"type":"module"}');
        6 │ + await·writeFile(`${root}/package.json`,·'{"type":"module"}');
     7  7 │   let file = root + "/dist/vfs/sql-query-base.js";
     8  8 │   let s = await readFile(file, "utf8");
  

bench/git-api-experiments-2026-10-09/prepare-metadata.mjs:7:12 lint/style/useTemplate  FIXABLE  ━━━━━━━━━━

  i Template literals are preferred over string concatenation.
  
    5 │ await cp(process.argv[2] ?? "dist", root + "/dist", { recursive: true });
    6 │ await writeFile(root + "/package.json", '{"type":"module"}');
  > 7 │ let file = root + "/dist/vfs/sql-query-base.js";
      │            ^^^^^^^^^^^^^^^^^^^^^^^^^^^^^^^^^^^^
    8 │ let s = await readFile(file, "utf8");
    9 │ s = s.replace(
  
  i Unsafe fix: Use a template literal.
  
     5  5 │   await cp(process.argv[2] ?? "dist", root + "/dist", { recursive: true });
     6  6 │   await writeFile(root + "/package.json", '{"type":"module"}');
     7    │ - let·file·=·root·+·"/dist/vfs/sql-query-base.js";
        7 │ + let·file·=·`${root}/dist/vfs/sql-query-base.js`;
     8  8 │   let s = await readFile(file, "utf8");
     9  9 │   s = s.replace(
  

bench/git-api-experiments-2026-10-09/prepare-metadata.mjs:25:8 lint/style/useTemplate  FIXABLE  ━━━━━━━━━━

  i Template literals are preferred over string concatenation.
  
    23 │ );
    24 │ await writeFile(file, s);
  > 25 │ file = root + "/dist/vfs/sql.js";
       │        ^^^^^^^^^^^^^^^^^^^^^^^^^
    26 │ s = await readFile(file, "utf8");
    27 │ s = s.replace(
  
  i Unsafe fix: Use a template literal.
  
    23 23 │   );
    24 24 │   await writeFile(file, s);
    25    │ - file·=·root·+·"/dist/vfs/sql.js";
       25 │ + file·=·`${root}/dist/vfs/sql.js`;
    26 26 │   s = await readFile(file, "utf8");
    27 27 │   s = s.replace(
  

bench/git-api-experiments-2026-10-09/prepare-metadata.mjs:33:8 lint/style/useTemplate  FIXABLE  ━━━━━━━━━━

  i Template literals are preferred over string concatenation.
  
    31 │ );
    32 │ await writeFile(file, s);
  > 33 │ file = root + "/dist/shell/policy.js";
       │        ^^^^^^^^^^^^^^^^^^^^^^^^^^^^^^
    34 │ s = await readFile(file, "utf8");
    35 │ s = s.replace(
  
  i Unsafe fix: Use a template literal.
  
    31 31 │   );
    32 32 │   await writeFile(file, s);
    33    │ - file·=·root·+·"/dist/shell/policy.js";
       33 │ + file·=·`${root}/dist/shell/policy.js`;
    34 34 │   s = await readFile(file, "utf8");
    35 35 │   s = s.replace(
  

bench/git-api-experiments-2026-10-09/prepare-metadata.mjs:44:8 lint/style/useTemplate  FIXABLE  ━━━━━━━━━━

  i Template literals are preferred over string concatenation.
  
    42 │ );
    43 │ await writeFile(file, s);
  > 44 │ file = root + "/dist/shell/devices.js";
       │        ^^^^^^^^^^^^^^^^^^^^^^^^^^^^^^^
    45 │ s = await readFile(file, "utf8");
    46 │ s = s.replace(
  
  i Unsafe fix: Use a template literal.
  
    42 42 │   );
    43 43 │   await writeFile(file, s);
    44    │ - file·=·root·+·"/dist/shell/devices.js";
       44 │ + file·=·`${root}/dist/shell/devices.js`;
    45 45 │   s = await readFile(file, "utf8");
    46 46 │   s = s.replace(
  

bench/git-api-experiments-2026-10-09/prepare-metadata.mjs:55:8 lint/style/useTemplate  FIXABLE  ━━━━━━━━━━

  i Template literals are preferred over string concatenation.
  
    53 │ );
    54 │ await writeFile(file, s);
  > 55 │ file = root + "/dist/shell/commands/git-fs.js";
       │        ^^^^^^^^^^^^^^^^^^^^^^^^^^^^^^^^^^^^^^^
    56 │ s = await readFile(file, "utf8");
    57 │ s = s.replace("    failure;", "    failure;\n    metadataPending = [];");
  
  i Unsafe fix: Use a template literal.
  
    53 53 │   );
    54 54 │   await writeFile(file, s);
    55    │ - file·=·root·+·"/dist/shell/commands/git-fs.js";
       55 │ + file·=·`${root}/dist/shell/commands/git-fs.js`;
    56 56 │   s = await readFile(file, "utf8");
    57 57 │   s = s.replace("    failure;", "    failure;\n    metadataPending = [];");
  

bench/git-api-experiments-2026-10-09/prepare-writes.mjs:5:12 lint/style/useTemplate  FIXABLE  ━━━━━━━━━━

  i Template literals are preferred over string concatenation.
  
    3 │ const root = "/tmp/cf-vfs-api-experiments/object-batch";
    4 │ await cp("/tmp/cf-vfs-api-experiments/bounded128", root, { recursive: true });
  > 5 │ let file = root + "/engine.mjs";
      │            ^^^^^^^^^^^^^^^^^^^^
    6 │ let s = await readFile(file, "utf8");
    7 │ s = s.replace(
  
  i Unsafe fix: Use a template literal.
  
     3  3 │   const root = "/tmp/cf-vfs-api-experiments/object-batch";
     4  4 │   await cp("/tmp/cf-vfs-api-experiments/bounded128", root, { recursive: true });
     5    │ - let·file·=·root·+·"/engine.mjs";
        5 │ + let·file·=·`${root}/engine.mjs`;
     6  6 │   let s = await readFile(file, "utf8");
     7  7 │   s = s.replace(
  

bench/git-api-experiments-2026-10-09/prepare-writes.mjs:20:8 lint/style/useTemplate  FIXABLE  ━━━━━━━━━━

  i Template literals are preferred over string concatenation.
  
    18 │ );
    19 │ await writeFile(file, s);
  > 20 │ file = root + "/dist/shell/commands/git-fs.js";
       │        ^^^^^^^^^^^^^^^^^^^^^^^^^^^^^^^^^^^^^^^
    21 │ s = await readFile(file, "utf8");
    22 │ s = s.replace(
  
  i Unsafe fix: Use a template literal.
  
    18 18 │   );
    19 19 │   await writeFile(file, s);
    20    │ - file·=·root·+·"/dist/shell/commands/git-fs.js";
       20 │ + file·=·`${root}/dist/shell/commands/git-fs.js`;
    21 21 │   s = await readFile(file, "utf8");
    22 22 │   s = s.replace(
  

bench/git-api-experiments-2026-10-09/prepare-writes.mjs:31:8 lint/style/useTemplate  FIXABLE  ━━━━━━━━━━

  i Template literals are preferred over string concatenation.
  
    29 │ );
    30 │ await writeFile(file, s);
  > 31 │ file = root + "/dist/shell/policy.js";
       │        ^^^^^^^^^^^^^^^^^^^^^^^^^^^^^^
    32 │ s = await readFile(file, "utf8");
    33 │ s = s.replace(
  
  i Unsafe fix: Use a template literal.
  
    29 29 │   );
    30 30 │   await writeFile(file, s);
    31    │ - file·=·root·+·"/dist/shell/policy.js";
       31 │ + file·=·`${root}/dist/shell/policy.js`;
    32 32 │   s = await readFile(file, "utf8");
    33 33 │   s = s.replace(
  

bench/git-api-experiments-2026-10-09/prepare-writes.mjs:42:8 lint/style/useTemplate  FIXABLE  ━━━━━━━━━━

  i Template literals are preferred over string concatenation.
  
    40 │ );
    41 │ await writeFile(file, s);
  > 42 │ file = root + "/dist/shell/devices.js";
       │        ^^^^^^^^^^^^^^^^^^^^^^^^^^^^^^^
    43 │ s = await readFile(file, "utf8");
    44 │ s = s.replace(
  
  i Unsafe fix: Use a template literal.
  
    40 40 │   );
    41 41 │   await writeFile(file, s);
    42    │ - file·=·root·+·"/dist/shell/devices.js";
       42 │ + file·=·`${root}/dist/shell/devices.js`;
    43 43 │   s = await readFile(file, "utf8");
    44 44 │   s = s.replace(
  

bench/git-api-experiments-2026-10-09/prepare.mjs:6:17 lint/style/useTemplate  FIXABLE  ━━━━━━━━━━━━━

  i Template literals are preferred over string concatenation.
  
    4 │ await mkdir(root, { recursive: true });
    5 │ try {
  > 6 │   await symlink(process.cwd() + "/node_modules", root + "/node_modules");
      │                 ^^^^^^^^^^^^^^^^^^^^^^^^^^^^^^^
    7 │ } catch (e) {
    8 │   if (e.code !== "EEXIST") throw e;
  
  i Unsafe fix: Use a template literal.
  
     4  4 │   await mkdir(root, { recursive: true });
     5  5 │   try {
     6    │ - ··await·symlink(process.cwd()·+·"/node_modules",·root·+·"/node_modules");
        6 │ + ··await·symlink(`${process.cwd()}/node_modules`,·root·+·"/node_modules");
     7  7 │   } catch (e) {
     8  8 │     if (e.code !== "EEXIST") throw e;
  

bench/git-api-experiments-2026-10-09/prepare.mjs:6:50 lint/style/useTemplate  FIXABLE  ━━━━━━━━━━━━━

  i Template literals are preferred over string concatenation.
  
    4 │ await mkdir(root, { recursive: true });
    5 │ try {
  > 6 │   await symlink(process.cwd() + "/node_modules", root + "/node_modules");
      │                                                  ^^^^^^^^^^^^^^^^^^^^^^
    7 │ } catch (e) {
    8 │   if (e.code !== "EEXIST") throw e;
  
  i Unsafe fix: Use a template literal.
  
     4  4 │   await mkdir(root, { recursive: true });
     5  5 │   try {
     6    │ - ··await·symlink(process.cwd()·+·"/node_modules",·root·+·"/node_modules");
        6 │ + ··await·symlink(process.cwd()·+·"/node_modules",·`${root}/node_modules`);
     7  7 │   } catch (e) {
     8  8 │     if (e.code !== "EEXIST") throw e;
  

bench/git-api-experiments-2026-10-09/prepare.mjs:12:14 lint/style/useTemplate  FIXABLE  ━━━━━━━━━━━━

  i Template literals are preferred over string concatenation.
  
    10 │ const engine = await readFile("node_modules/isomorphic-git/index.js", "utf8");
    11 │ for (const name of ["baseline", "bounded32", "bounded64", "bounded128"]) {
  > 12 │   const at = root + "/" + name;
       │              ^^^^^^^^^^^^^^^^^
    13 │   await mkdir(at, { recursive: true });
    14 │   await cp(process.argv[2] ?? "dist", at + "/dist", { recursive: true });
  
  i Unsafe fix: Use a template literal.
  
    10 10 │   const engine = await readFile("node_modules/isomorphic-git/index.js", "utf8");
    11 11 │   for (const name of ["baseline", "bounded32", "bounded64", "bounded128"]) {
    12    │ - ··const·at·=·root·+·"/"·+·name;
       12 │ + ··const·at·=·`${root}/${name}`;
    13 13 │     await mkdir(at, { recursive: true });
    14 14 │     await cp(process.argv[2] ?? "dist", at + "/dist", { recursive: true });
  

bench/git-api-experiments-2026-10-09/prepare.mjs:14:39 lint/style/useTemplate  FIXABLE  ━━━━━━━━━━━━

  i Template literals are preferred over string concatenation.
  
    12 │   const at = root + "/" + name;
    13 │   await mkdir(at, { recursive: true });
  > 14 │   await cp(process.argv[2] ?? "dist", at + "/dist", { recursive: true });
       │                                       ^^^^^^^^^^^^
    15 │   await writeFile(at + "/package.json", '{"type":"module"}');
    16 │   let source = engine;
  
  i Unsafe fix: Use a template literal.
  
    12 12 │     const at = root + "/" + name;
    13 13 │     await mkdir(at, { recursive: true });
    14    │ - ··await·cp(process.argv[2]·??·"dist",·at·+·"/dist",·{·recursive:·true·});
       14 │ + ··await·cp(process.argv[2]·??·"dist",·`${at}/dist`,·{·recursive:·true·});
    15 15 │     await writeFile(at + "/package.json", '{"type":"module"}');
    16 16 │     let source = engine;
  

bench/git-api-experiments-2026-10-09/prepare.mjs:15:19 lint/style/useTemplate  FIXABLE  ━━━━━━━━━━━━

  i Template literals are preferred over string concatenation.
  
    13 │   await mkdir(at, { recursive: true });
    14 │   await cp(process.argv[2] ?? "dist", at + "/dist", { recursive: true });
  > 15 │   await writeFile(at + "/package.json", '{"type":"module"}');
       │                   ^^^^^^^^^^^^^^^^^^^^
    16 │   let source = engine;
    17 │   if (name !== "baseline") {
  
  i Unsafe fix: Use a template literal.
  
    13 13 │     await mkdir(at, { recursive: true });
    14 14 │     await cp(process.argv[2] ?? "dist", at + "/dist", { recursive: true });
    15    │ - ··await·writeFile(at·+·"/package.json",·'{"type":"module"}');
       15 │ + ··await·writeFile(`${at}/package.json`,·'{"type":"module"}');
    16 16 │     let source = engine;
    17 17 │     if (name !== "baseline") {
  

bench/git-api-experiments-2026-10-09/prepare.mjs:32:31 lint/style/useTemplate  FIXABLE  ━━━━━━━━━━━━

  i Template literals are preferred over string concatenation.
  
    30 │       `          filepath: batches.slice(offset, offset+${size}),\n          index,\n          force,\n          parallel,\n          autocrlf,\n        });\n        }`,
    31 │     );
  > 32 │     let work = await readFile(at + "/dist/shell/commands/git-worktree.js", "utf8");
       │                               ^^^^^^^^^^^^^^^^^^^^^^^^^^^^^^^^^^^^^^^^^^^
    33 │     work = work.replace(
    34 │       "for (const batch of stagingBatches(selected, sizes))",
  
  i Unsafe fix: Use a template literal.
  
    30 30 │         `          filepath: batches.slice(offset, offset+${size}),\n          index,\n          force,\n          parallel,\n          autocrlf,\n        });\n        }`,
    31 31 │       );
    32    │ - ····let·work·=·await·readFile(at·+·"/dist/shell/commands/git-worktree.js",·"utf8");
       32 │ + ····let·work·=·await·readFile(`${at}/dist/shell/commands/git-worktree.js`,·"utf8");
    33 33 │       work = work.replace(
    34 34 │         "for (const batch of stagingBatches(selected, sizes))",
  

bench/git-api-experiments-2026-10-09/prepare.mjs:37:21 lint/style/useTemplate  FIXABLE  ━━━━━━━━━━━━

  i Template literals are preferred over string concatenation.
  
    35 │       "for (const batch of [selected])",
    36 │     );
  > 37 │     await writeFile(at + "/dist/shell/commands/git-worktree.js", work);
       │                     ^^^^^^^^^^^^^^^^^^^^^^^^^^^^^^^^^^^^^^^^^^^
    38 │   }
    39 │   await writeFile(at + "/engine.mjs", source);
  
  i Unsafe fix: Use a template literal.
  
    35 35 │         "for (const batch of [selected])",
    36 36 │       );
    37    │ - ····await·writeFile(at·+·"/dist/shell/commands/git-worktree.js",·work);
       37 │ + ····await·writeFile(`${at}/dist/shell/commands/git-worktree.js`,·work);
    38 38 │     }
    39 39 │     await writeFile(at + "/engine.mjs", source);
  

bench/git-api-experiments-2026-10-09/prepare.mjs:39:19 lint/style/useTemplate  FIXABLE  ━━━━━━━━━━━━

  i Template literals are preferred over string concatenation.
  
    37 │     await writeFile(at + "/dist/shell/commands/git-worktree.js", work);
    38 │   }
  > 39 │   await writeFile(at + "/engine.mjs", source);
       │                   ^^^^^^^^^^^^^^^^^^
    40 │   for (const mod of ["git", "git-worktree", "git-status", "git-local", "git-repository"]) {
    41 │     const file = at + "/dist/shell/commands/" + mod + ".js";
  
  i Unsafe fix: Use a template literal.
  
    37 37 │       await writeFile(at + "/dist/shell/commands/git-worktree.js", work);
    38 38 │     }
    39    │ - ··await·writeFile(at·+·"/engine.mjs",·source);
       39 │ + ··await·writeFile(`${at}/engine.mjs`,·source);
    40 40 │     for (const mod of ["git", "git-worktree", "git-status", "git-local", "git-repository"]) {
    41 41 │       const file = at + "/dist/shell/commands/" + mod + ".js";
  

bench/git-api-experiments-2026-10-09/prepare.mjs:41:18 lint/style/useTemplate  FIXABLE  ━━━━━━━━━━━━

  i Template literals are preferred over string concatenation.
  
    39 │   await writeFile(at + "/engine.mjs", source);
    40 │   for (const mod of ["git", "git-worktree", "git-status", "git-local", "git-repository"]) {
  > 41 │     const file = at + "/dist/shell/commands/" + mod + ".js";
       │                  ^^^^^^^^^^^^^^^^^^^^^^^^^^^^^^^^^^^^^^^^^^
    42 │     let text = await readFile(file, "utf8");
    43 │     text = text.replaceAll('from "isomorphic-git"', 'from "../../../engine.mjs"');
  
  i Unsafe fix: Use a template literal.
  
    39 39 │     await writeFile(at + "/engine.mjs", source);
    40 40 │     for (const mod of ["git", "git-worktree", "git-status", "git-local", "git-repository"]) {
    41    │ - ····const·file·=·at·+·"/dist/shell/commands/"·+·mod·+·".js";
       41 │ + ····const·file·=·`${at}/dist/shell/commands/${mod}.js`;
    42 42 │       let text = await readFile(file, "utf8");
    43 43 │       text = text.replaceAll('from "isomorphic-git"', 'from "../../../engine.mjs"');
  

The number of diagnostics exceeds the limit allowed. Use --max-diagnostics to increase it.
Diagnostics not shown: 5.
Checked 427 files in 65ms. No fixes applied.
Found 1 warning.
Found 24 infos.
