
> @corca-ai/cf-vfs@0.4.2 deploy:public
> node bench/deploy-public.mjs

Implementation: f332f54de0d3905dab86a5373be4c7e02b44e995385698be40525395f9d13c76

 ⛅️ wrangler 4.114.0 (update available 4.149.0)
───────────────────────────────────────────────
🌀 Building list of assets...
✨ Read 9 files from the assets directory /Users/ak/prjs/cc/cf-vfs/demo/public
🌀 Starting asset upload...
🌀 Found 3 new or modified static assets to upload. Proceeding with upload...
+ /benchmarks/index.html
+ /index.html
+ /benchmarks/benchmarks.js
Uploaded 1 of 3 assets
Uploaded 2 of 3 assets
Uploaded 3 of 3 assets
✨ Success! Uploaded 3 files (5 already uploaded) (0.98 sec)

Total Upload: 1537.82 KiB / gzip: 332.75 KiB
Worker Startup Time: 20 ms
Your Worker has access to the following bindings:
Binding                                                       Resource                     
env.PUBLIC_BENCHMARKS (PublicBenchmarks)                      Durable Object               
env.BENCHMARK (VfsBenchmark)                                  Durable Object               
env.DEMO_WORKSPACES (DemoWorkspace)                           Durable Object               
env.BENCHMARK_BUCKET (cf-vfs-benchmark)                       R2 Bucket                    
env.BENCHMARK_RUNNER (cf-vfs-benchmark#BenchmarkRunner)       Worker                       
env.ASSETS                                                    Assets                       
env.VERSION_METADATA                                          Worker Version Metadata      

Uploaded cf-vfs-benchmark (5.95 sec)
Deployed cf-vfs-benchmark triggers (2.08 sec)
  vfs.borca.ai (custom domain)
Current Version ID: 495bb799-e567-4f5c-b56a-324d78ae630a
