
 RUN  v4.1.10 /Users/ak/prjs/cc/cf-vfs

stderr | test/git-force-checkout.test.ts > recovers a partial checkout entirely through the Git applet
[isomorphic-git checkout] task rejected: VfsError: injected checkout write failure
    at Proxy.<anonymous> (/Users/ak/prjs/cc/cf-vfs/demo/benchmark-git-checkout-recovery.ts:33:19)
    at ScopedFileSystem.writeFile (/Users/ak/prjs/cc/cf-vfs/src/shell/policy.ts:277:24)
    at ReservedPathFileSystem.writeFile (/Users/ak/prjs/cc/cf-vfs/src/shell/devices.ts:408:44)
    at /Users/ak/prjs/cc/cf-vfs/src/shell/commands/git-fs.ts:168:9
    at GitFileSystem.operation (/Users/ak/prjs/cc/cf-vfs/src/shell/commands/git-fs.ts:98:14)
    at FileSystem.write (/Users/ak/prjs/cc/cf-vfs/node_modules/isomorphic-git/index.cjs:5478:7)
    at /Users/ak/prjs/cc/cf-vfs/node_modules/isomorphic-git/index.cjs:7668:21
    at async Promise.allSettled (index 7)
    at /Users/ak/prjs/cc/cf-vfs/node_modules/isomorphic-git/index.cjs:7638:27
    at /Users/ak/prjs/cc/cf-vfs/node_modules/isomorphic-git/index.cjs:1145:16
[isomorphic-git checkout] task rejected: VfsError: injected checkout write failure
    at Proxy.<anonymous> (/Users/ak/prjs/cc/cf-vfs/demo/benchmark-git-checkout-recovery.ts:33:19)
    at ScopedFileSystem.writeFile (/Users/ak/prjs/cc/cf-vfs/src/shell/policy.ts:277:24)
    at ReservedPathFileSystem.writeFile (/Users/ak/prjs/cc/cf-vfs/src/shell/devices.ts:408:44)
    at /Users/ak/prjs/cc/cf-vfs/src/shell/commands/git-fs.ts:168:9
    at GitFileSystem.operation (/Users/ak/prjs/cc/cf-vfs/src/shell/commands/git-fs.ts:98:14)
    at FileSystem.write (/Users/ak/prjs/cc/cf-vfs/node_modules/isomorphic-git/index.cjs:5478:7)
    at /Users/ak/prjs/cc/cf-vfs/node_modules/isomorphic-git/index.cjs:7668:21
    at async Promise.allSettled (index 7)
    at /Users/ak/prjs/cc/cf-vfs/node_modules/isomorphic-git/index.cjs:7638:27
    at /Users/ak/prjs/cc/cf-vfs/node_modules/isomorphic-git/index.cjs:1145:16
[isomorphic-git checkout] task rejected: VfsError: injected checkout write failure
    at Proxy.<anonymous> (/Users/ak/prjs/cc/cf-vfs/demo/benchmark-git-checkout-recovery.ts:33:19)
    at ScopedFileSystem.writeFile (/Users/ak/prjs/cc/cf-vfs/src/shell/policy.ts:277:24)
    at ReservedPathFileSystem.writeFile (/Users/ak/prjs/cc/cf-vfs/src/shell/devices.ts:408:44)
    at /Users/ak/prjs/cc/cf-vfs/src/shell/commands/git-fs.ts:168:9
    at GitFileSystem.operation (/Users/ak/prjs/cc/cf-vfs/src/shell/commands/git-fs.ts:98:14)
    at FileSystem.write (/Users/ak/prjs/cc/cf-vfs/node_modules/isomorphic-git/index.cjs:5478:7)
    at /Users/ak/prjs/cc/cf-vfs/node_modules/isomorphic-git/index.cjs:7668:21
    at async Promise.allSettled (index 7)
    at /Users/ak/prjs/cc/cf-vfs/node_modules/isomorphic-git/index.cjs:7638:27
    at /Users/ak/prjs/cc/cf-vfs/node_modules/isomorphic-git/index.cjs:1145:16
[isomorphic-git checkout] task rejected: VfsError: injected checkout write failure
    at Proxy.<anonymous> (/Users/ak/prjs/cc/cf-vfs/demo/benchmark-git-checkout-recovery.ts:33:19)
    at ScopedFileSystem.writeFile (/Users/ak/prjs/cc/cf-vfs/src/shell/policy.ts:277:24)
    at ReservedPathFileSystem.writeFile (/Users/ak/prjs/cc/cf-vfs/src/shell/devices.ts:408:44)
    at /Users/ak/prjs/cc/cf-vfs/src/shell/commands/git-fs.ts:168:9
    at GitFileSystem.operation (/Users/ak/prjs/cc/cf-vfs/src/shell/commands/git-fs.ts:98:14)
    at FileSystem.write (/Users/ak/prjs/cc/cf-vfs/node_modules/isomorphic-git/index.cjs:5478:7)
    at /Users/ak/prjs/cc/cf-vfs/node_modules/isomorphic-git/index.cjs:7668:21
    at async Promise.allSettled (index 7)
    at /Users/ak/prjs/cc/cf-vfs/node_modules/isomorphic-git/index.cjs:7638:27
    at /Users/ak/prjs/cc/cf-vfs/node_modules/isomorphic-git/index.cjs:1145:16
[isomorphic-git checkout] task rejected: VfsError: injected checkout write failure
    at Proxy.<anonymous> (/Users/ak/prjs/cc/cf-vfs/demo/benchmark-git-checkout-recovery.ts:33:19)
    at ScopedFileSystem.writeFile (/Users/ak/prjs/cc/cf-vfs/src/shell/policy.ts:277:24)
    at ReservedPathFileSystem.writeFile (/Users/ak/prjs/cc/cf-vfs/src/shell/devices.ts:408:44)
    at /Users/ak/prjs/cc/cf-vfs/src/shell/commands/git-fs.ts:168:9
    at GitFileSystem.operation (/Users/ak/prjs/cc/cf-vfs/src/shell/commands/git-fs.ts:98:14)
    at FileSystem.write (/Users/ak/prjs/cc/cf-vfs/node_modules/isomorphic-git/index.cjs:5478:7)
    at /Users/ak/prjs/cc/cf-vfs/node_modules/isomorphic-git/index.cjs:7668:21
    at async Promise.allSettled (index 7)
    at /Users/ak/prjs/cc/cf-vfs/node_modules/isomorphic-git/index.cjs:7638:27
    at /Users/ak/prjs/cc/cf-vfs/node_modules/isomorphic-git/index.cjs:1145:16
[isomorphic-git checkout] task rejected: VfsError: injected checkout write failure
    at Proxy.<anonymous> (/Users/ak/prjs/cc/cf-vfs/demo/benchmark-git-checkout-recovery.ts:33:19)
    at ScopedFileSystem.writeFile (/Users/ak/prjs/cc/cf-vfs/src/shell/policy.ts:277:24)
    at ReservedPathFileSystem.writeFile (/Users/ak/prjs/cc/cf-vfs/src/shell/devices.ts:408:44)
    at /Users/ak/prjs/cc/cf-vfs/src/shell/commands/git-fs.ts:168:9
    at GitFileSystem.operation (/Users/ak/prjs/cc/cf-vfs/src/shell/commands/git-fs.ts:98:14)
    at FileSystem.write (/Users/ak/prjs/cc/cf-vfs/node_modules/isomorphic-git/index.cjs:5478:7)
    at /Users/ak/prjs/cc/cf-vfs/node_modules/isomorphic-git/index.cjs:7668:21
    at async Promise.allSettled (index 7)
    at /Users/ak/prjs/cc/cf-vfs/node_modules/isomorphic-git/index.cjs:7638:27
    at /Users/ak/prjs/cc/cf-vfs/node_modules/isomorphic-git/index.cjs:1145:16
[isomorphic-git checkout] task rejected: VfsError: injected checkout write failure
    at Proxy.<anonymous> (/Users/ak/prjs/cc/cf-vfs/demo/benchmark-git-checkout-recovery.ts:33:19)
    at ScopedFileSystem.writeFile (/Users/ak/prjs/cc/cf-vfs/src/shell/policy.ts:277:24)
    at ReservedPathFileSystem.writeFile (/Users/ak/prjs/cc/cf-vfs/src/shell/devices.ts:408:44)
    at /Users/ak/prjs/cc/cf-vfs/src/shell/commands/git-fs.ts:168:9
    at GitFileSystem.operation (/Users/ak/prjs/cc/cf-vfs/src/shell/commands/git-fs.ts:98:14)
    at FileSystem.write (/Users/ak/prjs/cc/cf-vfs/node_modules/isomorphic-git/index.cjs:5478:7)
    at /Users/ak/prjs/cc/cf-vfs/node_modules/isomorphic-git/index.cjs:7668:21
    at async Promise.allSettled (index 7)
    at /Users/ak/prjs/cc/cf-vfs/node_modules/isomorphic-git/index.cjs:7638:27
    at /Users/ak/prjs/cc/cf-vfs/node_modules/isomorphic-git/index.cjs:1145:16
[isomorphic-git checkout] task rejected: VfsError: injected checkout write failure
    at Proxy.<anonymous> (/Users/ak/prjs/cc/cf-vfs/demo/benchmark-git-checkout-recovery.ts:33:19)
    at ScopedFileSystem.writeFile (/Users/ak/prjs/cc/cf-vfs/src/shell/policy.ts:277:24)
    at ReservedPathFileSystem.writeFile (/Users/ak/prjs/cc/cf-vfs/src/shell/devices.ts:408:44)
    at /Users/ak/prjs/cc/cf-vfs/src/shell/commands/git-fs.ts:168:9
    at GitFileSystem.operation (/Users/ak/prjs/cc/cf-vfs/src/shell/commands/git-fs.ts:98:14)
    at FileSystem.write (/Users/ak/prjs/cc/cf-vfs/node_modules/isomorphic-git/index.cjs:5478:7)
    at /Users/ak/prjs/cc/cf-vfs/node_modules/isomorphic-git/index.cjs:7668:21
    at async Promise.allSettled (index 7)
    at /Users/ak/prjs/cc/cf-vfs/node_modules/isomorphic-git/index.cjs:7638:27
    at /Users/ak/prjs/cc/cf-vfs/node_modules/isomorphic-git/index.cjs:1145:16
[isomorphic-git checkout] task rejected: VfsError: injected checkout write failure
    at Proxy.<anonymous> (/Users/ak/prjs/cc/cf-vfs/demo/benchmark-git-checkout-recovery.ts:33:19)
    at ScopedFileSystem.writeFile (/Users/ak/prjs/cc/cf-vfs/src/shell/policy.ts:277:24)
    at ReservedPathFileSystem.writeFile (/Users/ak/prjs/cc/cf-vfs/src/shell/devices.ts:408:44)
    at /Users/ak/prjs/cc/cf-vfs/src/shell/commands/git-fs.ts:168:9
    at GitFileSystem.operation (/Users/ak/prjs/cc/cf-vfs/src/shell/commands/git-fs.ts:98:14)
    at FileSystem.write (/Users/ak/prjs/cc/cf-vfs/node_modules/isomorphic-git/index.cjs:5478:7)
    at /Users/ak/prjs/cc/cf-vfs/node_modules/isomorphic-git/index.cjs:7668:21
    at async Promise.allSettled (index 7)
    at /Users/ak/prjs/cc/cf-vfs/node_modules/isomorphic-git/index.cjs:7638:27
    at /Users/ak/prjs/cc/cf-vfs/node_modules/isomorphic-git/index.cjs:1145:16
[isomorphic-git checkout] task rejected: VfsError: injected checkout write failure
    at Proxy.<anonymous> (/Users/ak/prjs/cc/cf-vfs/demo/benchmark-git-checkout-recovery.ts:33:19)
    at ScopedFileSystem.writeFile (/Users/ak/prjs/cc/cf-vfs/src/shell/policy.ts:277:24)
    at ReservedPathFileSystem.writeFile (/Users/ak/prjs/cc/cf-vfs/src/shell/devices.ts:408:44)
    at /Users/ak/prjs/cc/cf-vfs/src/shell/commands/git-fs.ts:168:9
    at GitFileSystem.operation (/Users/ak/prjs/cc/cf-vfs/src/shell/commands/git-fs.ts:98:14)
    at FileSystem.write (/Users/ak/prjs/cc/cf-vfs/node_modules/isomorphic-git/index.cjs:5478:7)
    at /Users/ak/prjs/cc/cf-vfs/node_modules/isomorphic-git/index.cjs:7668:21
    at async Promise.allSettled (index 7)
    at /Users/ak/prjs/cc/cf-vfs/node_modules/isomorphic-git/index.cjs:7638:27
    at /Users/ak/prjs/cc/cf-vfs/node_modules/isomorphic-git/index.cjs:1145:16
[isomorphic-git checkout] task rejected: VfsError: injected checkout write failure
    at Proxy.<anonymous> (/Users/ak/prjs/cc/cf-vfs/demo/benchmark-git-checkout-recovery.ts:33:19)
    at ScopedFileSystem.writeFile (/Users/ak/prjs/cc/cf-vfs/src/shell/policy.ts:277:24)
    at ReservedPathFileSystem.writeFile (/Users/ak/prjs/cc/cf-vfs/src/shell/devices.ts:408:44)
    at /Users/ak/prjs/cc/cf-vfs/src/shell/commands/git-fs.ts:168:9
    at GitFileSystem.operation (/Users/ak/prjs/cc/cf-vfs/src/shell/commands/git-fs.ts:98:14)
    at FileSystem.write (/Users/ak/prjs/cc/cf-vfs/node_modules/isomorphic-git/index.cjs:5478:7)
    at /Users/ak/prjs/cc/cf-vfs/node_modules/isomorphic-git/index.cjs:7668:21
    at async Promise.allSettled (index 7)
    at /Users/ak/prjs/cc/cf-vfs/node_modules/isomorphic-git/index.cjs:7638:27
    at /Users/ak/prjs/cc/cf-vfs/node_modules/isomorphic-git/index.cjs:1145:16
[isomorphic-git checkout] task rejected: VfsError: injected checkout write failure
    at Proxy.<anonymous> (/Users/ak/prjs/cc/cf-vfs/demo/benchmark-git-checkout-recovery.ts:33:19)
    at ScopedFileSystem.writeFile (/Users/ak/prjs/cc/cf-vfs/src/shell/policy.ts:277:24)
    at ReservedPathFileSystem.writeFile (/Users/ak/prjs/cc/cf-vfs/src/shell/devices.ts:408:44)
    at /Users/ak/prjs/cc/cf-vfs/src/shell/commands/git-fs.ts:168:9
    at GitFileSystem.operation (/Users/ak/prjs/cc/cf-vfs/src/shell/commands/git-fs.ts:98:14)
    at FileSystem.write (/Users/ak/prjs/cc/cf-vfs/node_modules/isomorphic-git/index.cjs:5478:7)
    at /Users/ak/prjs/cc/cf-vfs/node_modules/isomorphic-git/index.cjs:7668:21
    at async Promise.allSettled (index 7)
    at /Users/ak/prjs/cc/cf-vfs/node_modules/isomorphic-git/index.cjs:7638:27
    at /Users/ak/prjs/cc/cf-vfs/node_modules/isomorphic-git/index.cjs:1145:16
[isomorphic-git checkout] task rejected: VfsError: injected checkout write failure
    at Proxy.<anonymous> (/Users/ak/prjs/cc/cf-vfs/demo/benchmark-git-checkout-recovery.ts:33:19)
    at ScopedFileSystem.writeFile (/Users/ak/prjs/cc/cf-vfs/src/shell/policy.ts:277:24)
    at ReservedPathFileSystem.writeFile (/Users/ak/prjs/cc/cf-vfs/src/shell/devices.ts:408:44)
    at /Users/ak/prjs/cc/cf-vfs/src/shell/commands/git-fs.ts:168:9
    at GitFileSystem.operation (/Users/ak/prjs/cc/cf-vfs/src/shell/commands/git-fs.ts:98:14)
    at FileSystem.write (/Users/ak/prjs/cc/cf-vfs/node_modules/isomorphic-git/index.cjs:5478:7)
    at /Users/ak/prjs/cc/cf-vfs/node_modules/isomorphic-git/index.cjs:7668:21
    at async Promise.allSettled (index 7)
    at /Users/ak/prjs/cc/cf-vfs/node_modules/isomorphic-git/index.cjs:7638:27
    at /Users/ak/prjs/cc/cf-vfs/node_modules/isomorphic-git/index.cjs:1145:16
[isomorphic-git checkout] task rejected: VfsError: injected checkout write failure
    at Proxy.<anonymous> (/Users/ak/prjs/cc/cf-vfs/demo/benchmark-git-checkout-recovery.ts:33:19)
    at ScopedFileSystem.writeFile (/Users/ak/prjs/cc/cf-vfs/src/shell/policy.ts:277:24)
    at ReservedPathFileSystem.writeFile (/Users/ak/prjs/cc/cf-vfs/src/shell/devices.ts:408:44)
    at /Users/ak/prjs/cc/cf-vfs/src/shell/commands/git-fs.ts:168:9
    at GitFileSystem.operation (/Users/ak/prjs/cc/cf-vfs/src/shell/commands/git-fs.ts:98:14)
    at FileSystem.write (/Users/ak/prjs/cc/cf-vfs/node_modules/isomorphic-git/index.cjs:5478:7)
    at /Users/ak/prjs/cc/cf-vfs/node_modules/isomorphic-git/index.cjs:7668:21
    at async Promise.allSettled (index 7)
    at /Users/ak/prjs/cc/cf-vfs/node_modules/isomorphic-git/index.cjs:7638:27
    at /Users/ak/prjs/cc/cf-vfs/node_modules/isomorphic-git/index.cjs:1145:16
[isomorphic-git checkout] task rejected: VfsError: injected checkout write failure
    at Proxy.<anonymous> (/Users/ak/prjs/cc/cf-vfs/demo/benchmark-git-checkout-recovery.ts:33:19)
    at ScopedFileSystem.writeFile (/Users/ak/prjs/cc/cf-vfs/src/shell/policy.ts:277:24)
    at ReservedPathFileSystem.writeFile (/Users/ak/prjs/cc/cf-vfs/src/shell/devices.ts:408:44)
    at /Users/ak/prjs/cc/cf-vfs/src/shell/commands/git-fs.ts:168:9
    at GitFileSystem.operation (/Users/ak/prjs/cc/cf-vfs/src/shell/commands/git-fs.ts:98:14)
    at FileSystem.write (/Users/ak/prjs/cc/cf-vfs/node_modules/isomorphic-git/index.cjs:5478:7)
    at /Users/ak/prjs/cc/cf-vfs/node_modules/isomorphic-git/index.cjs:7668:21
    at async Promise.allSettled (index 7)
    at /Users/ak/prjs/cc/cf-vfs/node_modules/isomorphic-git/index.cjs:7638:27
    at /Users/ak/prjs/cc/cf-vfs/node_modules/isomorphic-git/index.cjs:1145:16
[isomorphic-git checkout] task rejected: VfsError: injected checkout write failure
    at Proxy.<anonymous> (/Users/ak/prjs/cc/cf-vfs/demo/benchmark-git-checkout-recovery.ts:33:19)
    at ScopedFileSystem.writeFile (/Users/ak/prjs/cc/cf-vfs/src/shell/policy.ts:277:24)
    at ReservedPathFileSystem.writeFile (/Users/ak/prjs/cc/cf-vfs/src/shell/devices.ts:408:44)
    at /Users/ak/prjs/cc/cf-vfs/src/shell/commands/git-fs.ts:168:9
    at GitFileSystem.operation (/Users/ak/prjs/cc/cf-vfs/src/shell/commands/git-fs.ts:98:14)
    at FileSystem.write (/Users/ak/prjs/cc/cf-vfs/node_modules/isomorphic-git/index.cjs:5478:7)
    at /Users/ak/prjs/cc/cf-vfs/node_modules/isomorphic-git/index.cjs:7668:21
    at async Promise.allSettled (index 7)
    at /Users/ak/prjs/cc/cf-vfs/node_modules/isomorphic-git/index.cjs:7638:27
    at /Users/ak/prjs/cc/cf-vfs/node_modules/isomorphic-git/index.cjs:1145:16
[isomorphic-git checkout] task rejected: VfsError: injected checkout write failure
    at Proxy.<anonymous> (/Users/ak/prjs/cc/cf-vfs/demo/benchmark-git-checkout-recovery.ts:33:19)
    at ScopedFileSystem.writeFile (/Users/ak/prjs/cc/cf-vfs/src/shell/policy.ts:277:24)
    at ReservedPathFileSystem.writeFile (/Users/ak/prjs/cc/cf-vfs/src/shell/devices.ts:408:44)
    at /Users/ak/prjs/cc/cf-vfs/src/shell/commands/git-fs.ts:168:9
    at GitFileSystem.operation (/Users/ak/prjs/cc/cf-vfs/src/shell/commands/git-fs.ts:98:14)
    at FileSystem.write (/Users/ak/prjs/cc/cf-vfs/node_modules/isomorphic-git/index.cjs:5478:7)
    at /Users/ak/prjs/cc/cf-vfs/node_modules/isomorphic-git/index.cjs:7668:21
    at async Promise.allSettled (index 7)
    at /Users/ak/prjs/cc/cf-vfs/node_modules/isomorphic-git/index.cjs:7638:27
    at /Users/ak/prjs/cc/cf-vfs/node_modules/isomorphic-git/index.cjs:1145:16
[isomorphic-git checkout] task rejected: VfsError: injected checkout write failure
    at Proxy.<anonymous> (/Users/ak/prjs/cc/cf-vfs/demo/benchmark-git-checkout-recovery.ts:33:19)
    at ScopedFileSystem.writeFile (/Users/ak/prjs/cc/cf-vfs/src/shell/policy.ts:277:24)
    at ReservedPathFileSystem.writeFile (/Users/ak/prjs/cc/cf-vfs/src/shell/devices.ts:408:44)
    at /Users/ak/prjs/cc/cf-vfs/src/shell/commands/git-fs.ts:168:9
    at GitFileSystem.operation (/Users/ak/prjs/cc/cf-vfs/src/shell/commands/git-fs.ts:98:14)
    at FileSystem.write (/Users/ak/prjs/cc/cf-vfs/node_modules/isomorphic-git/index.cjs:5478:7)
    at /Users/ak/prjs/cc/cf-vfs/node_modules/isomorphic-git/index.cjs:7668:21
    at async Promise.allSettled (index 7)
    at /Users/ak/prjs/cc/cf-vfs/node_modules/isomorphic-git/index.cjs:7638:27
    at /Users/ak/prjs/cc/cf-vfs/node_modules/isomorphic-git/index.cjs:1145:16
[isomorphic-git checkout] task rejected: VfsError: injected checkout write failure
    at Proxy.<anonymous> (/Users/ak/prjs/cc/cf-vfs/demo/benchmark-git-checkout-recovery.ts:33:19)
    at ScopedFileSystem.writeFile (/Users/ak/prjs/cc/cf-vfs/src/shell/policy.ts:277:24)
    at ReservedPathFileSystem.writeFile (/Users/ak/prjs/cc/cf-vfs/src/shell/devices.ts:408:44)
    at /Users/ak/prjs/cc/cf-vfs/src/shell/commands/git-fs.ts:168:9
    at GitFileSystem.operation (/Users/ak/prjs/cc/cf-vfs/src/shell/commands/git-fs.ts:98:14)
    at FileSystem.write (/Users/ak/prjs/cc/cf-vfs/node_modules/isomorphic-git/index.cjs:5478:7)
    at /Users/ak/prjs/cc/cf-vfs/node_modules/isomorphic-git/index.cjs:7668:21
    at async Promise.allSettled (index 7)
    at /Users/ak/prjs/cc/cf-vfs/node_modules/isomorphic-git/index.cjs:7638:27
    at /Users/ak/prjs/cc/cf-vfs/node_modules/isomorphic-git/index.cjs:1145:16
[isomorphic-git checkout] task rejected: VfsError: injected checkout write failure
    at Proxy.<anonymous> (/Users/ak/prjs/cc/cf-vfs/demo/benchmark-git-checkout-recovery.ts:33:19)
    at ScopedFileSystem.writeFile (/Users/ak/prjs/cc/cf-vfs/src/shell/policy.ts:277:24)
    at ReservedPathFileSystem.writeFile (/Users/ak/prjs/cc/cf-vfs/src/shell/devices.ts:408:44)
    at /Users/ak/prjs/cc/cf-vfs/src/shell/commands/git-fs.ts:168:9
    at GitFileSystem.operation (/Users/ak/prjs/cc/cf-vfs/src/shell/commands/git-fs.ts:98:14)
    at FileSystem.write (/Users/ak/prjs/cc/cf-vfs/node_modules/isomorphic-git/index.cjs:5478:7)
    at /Users/ak/prjs/cc/cf-vfs/node_modules/isomorphic-git/index.cjs:7668:21
    at async Promise.allSettled (index 7)
    at /Users/ak/prjs/cc/cf-vfs/node_modules/isomorphic-git/index.cjs:7638:27
    at /Users/ak/prjs/cc/cf-vfs/node_modules/isomorphic-git/index.cjs:1145:16
[isomorphic-git checkout] task rejected: VfsError: injected checkout write failure
    at Proxy.<anonymous> (/Users/ak/prjs/cc/cf-vfs/demo/benchmark-git-checkout-recovery.ts:33:19)
    at ScopedFileSystem.writeFile (/Users/ak/prjs/cc/cf-vfs/src/shell/policy.ts:277:24)
    at ReservedPathFileSystem.writeFile (/Users/ak/prjs/cc/cf-vfs/src/shell/devices.ts:408:44)
    at /Users/ak/prjs/cc/cf-vfs/src/shell/commands/git-fs.ts:168:9
    at GitFileSystem.operation (/Users/ak/prjs/cc/cf-vfs/src/shell/commands/git-fs.ts:98:14)
    at FileSystem.write (/Users/ak/prjs/cc/cf-vfs/node_modules/isomorphic-git/index.cjs:5478:7)
    at /Users/ak/prjs/cc/cf-vfs/node_modules/isomorphic-git/index.cjs:7668:21
    at async Promise.allSettled (index 7)
    at /Users/ak/prjs/cc/cf-vfs/node_modules/isomorphic-git/index.cjs:7638:27
    at /Users/ak/prjs/cc/cf-vfs/node_modules/isomorphic-git/index.cjs:1145:16
[isomorphic-git checkout] task rejected: VfsError: injected checkout write failure
    at Proxy.<anonymous> (/Users/ak/prjs/cc/cf-vfs/demo/benchmark-git-checkout-recovery.ts:33:19)
    at ScopedFileSystem.writeFile (/Users/ak/prjs/cc/cf-vfs/src/shell/policy.ts:277:24)
    at ReservedPathFileSystem.writeFile (/Users/ak/prjs/cc/cf-vfs/src/shell/devices.ts:408:44)
    at /Users/ak/prjs/cc/cf-vfs/src/shell/commands/git-fs.ts:168:9
    at GitFileSystem.operation (/Users/ak/prjs/cc/cf-vfs/src/shell/commands/git-fs.ts:98:14)
    at FileSystem.write (/Users/ak/prjs/cc/cf-vfs/node_modules/isomorphic-git/index.cjs:5478:7)
    at /Users/ak/prjs/cc/cf-vfs/node_modules/isomorphic-git/index.cjs:7668:21
    at async Promise.allSettled (index 7)
    at /Users/ak/prjs/cc/cf-vfs/node_modules/isomorphic-git/index.cjs:7638:27
    at /Users/ak/prjs/cc/cf-vfs/node_modules/isomorphic-git/index.cjs:1145:16
[isomorphic-git checkout] task rejected: VfsError: injected checkout write failure
    at Proxy.<anonymous> (/Users/ak/prjs/cc/cf-vfs/demo/benchmark-git-checkout-recovery.ts:33:19)
    at ScopedFileSystem.writeFile (/Users/ak/prjs/cc/cf-vfs/src/shell/policy.ts:277:24)
    at ReservedPathFileSystem.writeFile (/Users/ak/prjs/cc/cf-vfs/src/shell/devices.ts:408:44)
    at /Users/ak/prjs/cc/cf-vfs/src/shell/commands/git-fs.ts:168:9
    at GitFileSystem.operation (/Users/ak/prjs/cc/cf-vfs/src/shell/commands/git-fs.ts:98:14)
    at FileSystem.write (/Users/ak/prjs/cc/cf-vfs/node_modules/isomorphic-git/index.cjs:5478:7)
    at /Users/ak/prjs/cc/cf-vfs/node_modules/isomorphic-git/index.cjs:7668:21
    at async Promise.allSettled (index 7)
    at /Users/ak/prjs/cc/cf-vfs/node_modules/isomorphic-git/index.cjs:7638:27
    at /Users/ak/prjs/cc/cf-vfs/node_modules/isomorphic-git/index.cjs:1145:16
[isomorphic-git checkout] task rejected: VfsError: injected checkout write failure
    at Proxy.<anonymous> (/Users/ak/prjs/cc/cf-vfs/demo/benchmark-git-checkout-recovery.ts:33:19)
    at ScopedFileSystem.writeFile (/Users/ak/prjs/cc/cf-vfs/src/shell/policy.ts:277:24)
    at ReservedPathFileSystem.writeFile (/Users/ak/prjs/cc/cf-vfs/src/shell/devices.ts:408:44)
    at /Users/ak/prjs/cc/cf-vfs/src/shell/commands/git-fs.ts:168:9
    at GitFileSystem.operation (/Users/ak/prjs/cc/cf-vfs/src/shell/commands/git-fs.ts:98:14)
    at FileSystem.write (/Users/ak/prjs/cc/cf-vfs/node_modules/isomorphic-git/index.cjs:5478:7)
    at /Users/ak/prjs/cc/cf-vfs/node_modules/isomorphic-git/index.cjs:7668:21
    at async Promise.allSettled (index 7)
    at /Users/ak/prjs/cc/cf-vfs/node_modules/isomorphic-git/index.cjs:7638:27
    at /Users/ak/prjs/cc/cf-vfs/node_modules/isomorphic-git/index.cjs:1145:16
[isomorphic-git checkout] task rejected: VfsError: injected checkout write failure
    at Proxy.<anonymous> (/Users/ak/prjs/cc/cf-vfs/demo/benchmark-git-checkout-recovery.ts:33:19)
    at ScopedFileSystem.writeFile (/Users/ak/prjs/cc/cf-vfs/src/shell/policy.ts:277:24)
    at ReservedPathFileSystem.writeFile (/Users/ak/prjs/cc/cf-vfs/src/shell/devices.ts:408:44)
    at /Users/ak/prjs/cc/cf-vfs/src/shell/commands/git-fs.ts:168:9
    at GitFileSystem.operation (/Users/ak/prjs/cc/cf-vfs/src/shell/commands/git-fs.ts:98:14)
    at FileSystem.write (/Users/ak/prjs/cc/cf-vfs/node_modules/isomorphic-git/index.cjs:5478:7)
    at /Users/ak/prjs/cc/cf-vfs/node_modules/isomorphic-git/index.cjs:7668:21
    at async Promise.allSettled (index 7)
    at /Users/ak/prjs/cc/cf-vfs/node_modules/isomorphic-git/index.cjs:7638:27
    at /Users/ak/prjs/cc/cf-vfs/node_modules/isomorphic-git/index.cjs:1145:16

 ❯ test/git-force-checkout.test.ts (3 tests | 3 failed) 95ms
   × recovers a partial checkout entirely through the Git applet 79ms
   × explicit checkout --force discards tracked changes and preserves unrelated untracked files 9ms
   × explicit checkout -f discards tracked changes and preserves unrelated untracked files 7ms

⎯⎯⎯⎯⎯⎯⎯ Failed Tests 3 ⎯⎯⎯⎯⎯⎯⎯

 FAIL  test/git-force-checkout.test.ts > recovers a partial checkout entirely through the Git applet
Error: git checkout --force base: git: unsupported option --force

 ❯ succeed demo/benchmark-git-checkout-recovery.ts:17:38
     15|   const succeed = async (script: string) => {
     16|     const result = await run(script);
     17|     if (result.exitCode !== 0) throw new Error(`${script}: ${result.st…
       |                                      ^
     18|   };
     19|   await shell.executeText({ script: `git init ${root}` });
 ❯ runCheckoutRecovery demo/benchmark-git-checkout-recovery.ts:60:3
 ❯ test/git-force-checkout.test.ts:10:11

⎯⎯⎯⎯⎯⎯⎯⎯⎯⎯⎯⎯⎯⎯⎯⎯⎯⎯⎯⎯⎯⎯⎯⎯[1/3]⎯

 FAIL  test/git-force-checkout.test.ts > explicit checkout --force discards tracked changes and preserves unrelated untracked files
AssertionError: git: unsupported option --force
: expected 2 to be +0 // Object.is equality

- Expected
+ Received

- 0
+ 2

 ❯ test/git-force-checkout.test.ts:24:42
     22|   expect((await run("git checkout main")).exitCode).toBe(1);
     23|   const result = await run(`git checkout ${flag} main`);
     24|   expect(result.exitCode, result.stderr).toBe(0);
       |                                          ^
     25|   const fs = createFsAdapter(vfs);
     26|   expect(await fs.promises.readFile("/repo/a", "utf8")).toBe("committe…

⎯⎯⎯⎯⎯⎯⎯⎯⎯⎯⎯⎯⎯⎯⎯⎯⎯⎯⎯⎯⎯⎯⎯⎯[2/3]⎯

 FAIL  test/git-force-checkout.test.ts > explicit checkout -f discards tracked changes and preserves unrelated untracked files
AssertionError: git: unsupported option -f
: expected 2 to be +0 // Object.is equality

- Expected
+ Received

- 0
+ 2

 ❯ test/git-force-checkout.test.ts:24:42
     22|   expect((await run("git checkout main")).exitCode).toBe(1);
     23|   const result = await run(`git checkout ${flag} main`);
     24|   expect(result.exitCode, result.stderr).toBe(0);
       |                                          ^
     25|   const fs = createFsAdapter(vfs);
     26|   expect(await fs.promises.readFile("/repo/a", "utf8")).toBe("committe…

⎯⎯⎯⎯⎯⎯⎯⎯⎯⎯⎯⎯⎯⎯⎯⎯⎯⎯⎯⎯⎯⎯⎯⎯[3/3]⎯


 Test Files  1 failed (1)
      Tests  3 failed (3)
   Start at  23:03:18
   Duration  392ms (transform 184ms, setup 0ms, import 244ms, tests 95ms, environment 0ms)

