
 RUN  v4.1.10 /Users/ak/prjs/cc/cf-vfs

SQL optimization: {"name":"append-string","repeatsPerSample":100,"medianMs":0.03,"p10Ms":0.03,"p90Ms":0.04,"statements":6,"rowsRead":7,"rowsWritten":3}
SQL optimization: {"name":"append-bytes","repeatsPerSample":100,"medianMs":0.03,"p10Ms":0.03,"p90Ms":0.04,"statements":7,"rowsRead":7,"rowsWritten":3}
SQL optimization: {"name":"find-shallow","repeatsPerSample":10,"medianMs":0.2,"p10Ms":0.1,"p90Ms":0.3,"statements":2,"rowsRead":52,"rowsWritten":0}
SQL optimization: {"name":"find-filtered","repeatsPerSample":10,"medianMs":0.9,"p10Ms":0.9,"p90Ms":1.1,"statements":2,"rowsRead":5051,"rowsWritten":0}
SQL optimization: {"name":"find-all","repeatsPerSample":10,"medianMs":13.3,"p10Ms":13.2,"p90Ms":13.5,"statements":7,"rowsRead":5061,"rowsWritten":0}
SQL optimization: {"name":"maintenance-1000","repeatsPerSample":100,"medianMs":0,"p10Ms":0,"p90Ms":0.01,"statements":1,"rowsRead":4,"rowsWritten":0}
SQL optimization: {"name":"gc-insert-1000","statements":1,"rowsRead":0,"rowsWritten":3,"databaseBytes":348160}
SQL optimization: {"name":"maintenance-10000","repeatsPerSample":100,"medianMs":0,"p10Ms":0,"p90Ms":0.01,"statements":1,"rowsRead":4,"rowsWritten":0}
SQL optimization: {"name":"gc-insert-10000","statements":1,"rowsRead":0,"rowsWritten":3,"databaseBytes":2375680}
 ❯ bench/sql-optimization.bench.ts (7 tests | 2 failed) 2321ms
   × SQL batch creation: 10 files 45ms
   × SQL batch creation: 100 files 283ms
POSIX COST [{"op":"stat","depth":1,"ms":5,"statements":500,"rowsRead":3500},{"op":"stat","depth":16,"ms":11,"statements":500,"rowsRead":26000},{"op":"stat","depth":64,"ms":57,"statements":500,"rowsRead":98000},{"op":"rename-replace","bytes":80,"statements":12,"rowsRead":154,"rowsWritten":10},{"op":"rename-replace","bytes":1048576,"statements":12,"rowsRead":158,"rowsWritten":13},{"op":"rename-replace","bytes":8388608,"statements":12,"rowsRead":186,"rowsWritten":41}]
POSIX HANDLE COST [{"size":32768,"read":{"statements":3,"rowsRead":4,"rowsWritten":0},"write":{"statements":5,"rowsRead":6,"rowsWritten":2}},{"size":8388608,"read":{"statements":3,"rowsRead":4,"rowsWritten":0},"write":{"statements":5,"rowsRead":6,"rowsWritten":2}}]

⎯⎯⎯⎯⎯⎯⎯ Failed Tests 2 ⎯⎯⎯⎯⎯⎯⎯

 FAIL  bench/sql-optimization.bench.ts > SQL batch creation: 10 files
AssertionError: expected { name: 'batch-create-10', …(7) } to match object { statements: 53, rowsRead: 58, …(1) }
(5 matching properties omitted from actual)

- Expected
+ Received

  {
-   "rowsRead": 58,
+   "rowsRead": 54,
    "rowsWritten": 42,
    "statements": 53,
  }

 ❯ measure bench/sql-optimization.bench.ts:52:18
     50|   const expected = expectedCosts[name];
     51|   if (expected === undefined) throw new Error(`missing SQL budget for …
     52|   expect(result).toMatchObject(expected);
       |                  ^
     53|   console.log("SQL optimization:", JSON.stringify(result));
     54|   return result;
 ❯ bench/sql-optimization.bench.ts:63:5
 ❯ maybeHandleRunRequest Users/ak/prjs/cc/cf-vfs/node_modules/@cloudflare/vitest-pool-workers/dist/worker/lib/cloudflare/test-internal.mjs:164:18
 ❯ DurableObject.Wrapper.fetch Users/ak/prjs/cc/cf-vfs/node_modules/@cloudflare/vitest-pool-workers/dist/worker/lib/cloudflare/test-internal.mjs:550:20

⎯⎯⎯⎯⎯⎯⎯⎯⎯⎯⎯⎯⎯⎯⎯⎯⎯⎯⎯⎯⎯⎯⎯⎯[1/2]⎯

 FAIL  bench/sql-optimization.bench.ts > SQL batch creation: 100 files
AssertionError: expected { name: 'batch-create-100', …(7) } to match object { Object (statements, rowsRead, ...) }
(5 matching properties omitted from actual)

- Expected
+ Received

  {
-   "rowsRead": 508,
+   "rowsRead": 504,
    "rowsWritten": 402,
    "statements": 503,
  }

 ❯ measure bench/sql-optimization.bench.ts:52:18
     50|   const expected = expectedCosts[name];
     51|   if (expected === undefined) throw new Error(`missing SQL budget for …
     52|   expect(result).toMatchObject(expected);
       |                  ^
     53|   console.log("SQL optimization:", JSON.stringify(result));
     54|   return result;
 ❯ bench/sql-optimization.bench.ts:63:5
 ❯ maybeHandleRunRequest Users/ak/prjs/cc/cf-vfs/node_modules/@cloudflare/vitest-pool-workers/dist/worker/lib/cloudflare/test-internal.mjs:164:18
 ❯ DurableObject.Wrapper.fetch Users/ak/prjs/cc/cf-vfs/node_modules/@cloudflare/vitest-pool-workers/dist/worker/lib/cloudflare/test-internal.mjs:550:20

⎯⎯⎯⎯⎯⎯⎯⎯⎯⎯⎯⎯⎯⎯⎯⎯⎯⎯⎯⎯⎯⎯⎯⎯[2/2]⎯


 Test Files  1 failed | 2 passed (3)
      Tests  2 failed | 7 passed (9)
   Start at  15:54:27
   Duration  3.78s (transform 219ms, setup 0ms, import 797ms, tests 2.54s, environment 0ms)

