
> @corca-ai/cf-vfs@0.4.2 deploy:public
> node bench/deploy-public.mjs

Implementation: 408a854e33236e999086644c31547edfc717389024d4158eb54a67f258a33229

 ⛅️ wrangler 4.114.0 (update available 4.149.0)
───────────────────────────────────────────────
🌀 Building list of assets...
✨ Read 9 files from the assets directory /Users/ak/prjs/cc/cf-vfs/demo/public
🌀 Starting asset upload...
No updated asset files to upload. Proceeding with deployment...
Total Upload: 1538.97 KiB / gzip: 333.04 KiB
Worker Startup Time: 23 ms
Your Worker has access to the following bindings:
Binding                                                       Resource                     
env.PUBLIC_BENCHMARKS (PublicBenchmarks)                      Durable Object               
env.BENCHMARK (VfsBenchmark)                                  Durable Object               
env.DEMO_WORKSPACES (DemoWorkspace)                           Durable Object               
env.BENCHMARK_BUCKET (cf-vfs-benchmark)                       R2 Bucket                    
env.BENCHMARK_RUNNER (cf-vfs-benchmark#BenchmarkRunner)       Worker                       
env.ASSETS                                                    Assets                       
env.VERSION_METADATA                                          Worker Version Metadata      

Uploaded cf-vfs-benchmark (6.47 sec)
Deployed cf-vfs-benchmark triggers (2.41 sec)
  vfs.borca.ai (custom domain)
Current Version ID: 9ba80ff8-5b61-42cb-8870-2643d00996a5
