
 RUN  v4.1.10 /Users/ak/prjs/cc/cf-vfs

 ❯ test/git-object-writes.test.ts (6 tests | 1 failed) 141ms
   × preserves Git add under a small backend in-flight buffer budget 20ms

⎯⎯⎯⎯⎯⎯⎯ Failed Tests 1 ⎯⎯⎯⎯⎯⎯⎯

 FAIL  test/git-object-writes.test.ts > preserves Git add under a small backend in-flight buffer budget
AssertionError: request exceeds the whole runtime in-flight byte budget
: expected 1 to be +0 // Object.is equality

- Expected
+ Received

- 0
+ 1

 ❯ test/git-object-writes.test.ts:104:42
    102|   }
    103|   const result = await shell.executeText({ script: "git add -A", cwd: …
    104|   expect(result.exitCode, result.stderr).toBe(0);
       |                                          ^
    105|   expect(await git.listFiles({ fs: createFsAdapter(vfs), dir: "/repo" …
    106| });

⎯⎯⎯⎯⎯⎯⎯⎯⎯⎯⎯⎯⎯⎯⎯⎯⎯⎯⎯⎯⎯⎯⎯⎯[1/1]⎯


 Test Files  1 failed (1)
      Tests  1 failed | 5 passed (6)
   Start at  15:25:03
   Duration  432ms (transform 187ms, setup 0ms, import 239ms, tests 141ms, environment 0ms)

