
> @corca-ai/cf-vfs@0.4.2 deploy:public
> node bench/deploy-public.mjs

Implementation: 06129cc631c2c5e6a83ce001121c8d9729e8d0965bfd94a4b14617be4f8a5ac1

 ⛅️ wrangler 4.114.0 (update available 4.149.0)
───────────────────────────────────────────────
🌀 Building list of assets...
✨ Read 9 files from the assets directory /Users/ak/prjs/cc/cf-vfs/demo/public
🌀 Starting asset upload...
No updated asset files to upload. Proceeding with deployment...
Total Upload: 1518.11 KiB / gzip: 328.99 KiB
Worker Startup Time: 15 ms
Your Worker has access to the following bindings:
Binding                                                       Resource                     
env.PUBLIC_BENCHMARKS (PublicBenchmarks)                      Durable Object               
env.BENCHMARK (VfsBenchmark)                                  Durable Object               
env.DEMO_WORKSPACES (DemoWorkspace)                           Durable Object               
env.BENCHMARK_BUCKET (cf-vfs-benchmark)                       R2 Bucket                    
env.BENCHMARK_RUNNER (cf-vfs-benchmark#BenchmarkRunner)       Worker                       
env.ASSETS                                                    Assets                       
env.VERSION_METADATA                                          Worker Version Metadata      

Uploaded cf-vfs-benchmark (4.82 sec)
Deployed cf-vfs-benchmark triggers (2.25 sec)
  vfs.borca.ai (custom domain)
Current Version ID: 284d7b6d-e3d7-4f9b-a264-24efca927636
