begin /setup { files: '32' }
done /setup 
begin /execute {}
done /execute 0
begin /change { all: 'true' }
done /change 
begin /inspect {}
done /inspect 
begin /quota { bytes: '1' }
done /quota 
begin /execute {}
done /execute 1
begin /inspect {}
done /inspect 
begin /quota { bytes: '33554432' }
done /quota 
begin /execute {}
done /execute 0
begin /inspect {}
done /inspect 
begin /restart { checkout: 'true' }
begin /inspect {}
done /inspect 
begin /execute {}
done /execute 1
begin /execute {}
done /execute 0
begin /inspect {}
done /inspect 
begin /execute {}
done /execute 0
begin /restart {}
begin /inspect {}
done /inspect 
begin /quota { bytes: '1' }
done /quota 
begin /edit {}
done /edit 
begin /inspect {}
done /inspect 
begin /restart {}
begin /inspect {}
done /inspect 
begin /quota { bytes: '33554432' }
done /quota 
begin /recovery { operation: 'cancel-mid-add' }
done /recovery 
begin /recovery { operation: 'partial-add-retry' }
done /recovery 
begin /recovery { operation: 'index-capacity' }
done /recovery 
begin /recovery { operation: 'checkout-failure' }
done /recovery 
Reliability: 8 scenarios checked
begin /setup { files: '1000', mixed: 'false' }
done /setup 
begin /change { all: 'true' }
done /change 
begin /execute {}
done /execute 0
begin /execute {}
done /execute 0
begin /execute {}
done /execute 0
begin /execute {}
done /execute 0
begin /execute {}
done /execute 0
begin /execute {}
done /execute 0
begin /inspect {}
done /inspect 
begin /setup { files: '1000', mixed: 'false' }
done /setup 
begin /change { all: 'true' }
done /change 
begin /execute {}
done /execute 0
begin /execute {}
done /execute 0
begin /execute {}
done /execute 0
begin /execute {}
done /execute 0
begin /execute {}
done /execute 0
begin /execute {}
done /execute 0
begin /inspect {}
done /inspect 
begin /setup { files: '1000', mixed: 'false' }
done /setup 
begin /change { all: 'true' }
done /change 
begin /execute {}
done /execute 0
begin /execute {}
done /execute 0
begin /execute {}
done /execute 0
begin /execute {}
done /execute 0
begin /execute {}
done /execute 0
begin /execute {}
done /execute 0
begin /inspect {}
done /inspect 
begin /setup { files: '1000', mixed: 'false' }
done /setup 
begin /change { all: 'true' }
done /change 
begin /execute {}
done /execute 0
begin /execute {}
done /execute 0
begin /execute {}
done /execute 0
begin /execute {}
done /execute 0
begin /execute {}
done /execute 0
begin /execute {}
done /execute 0
begin /inspect {}
done /inspect 
begin /setup { files: '1000', mixed: 'false' }
done /setup 
begin /change { all: 'true' }
done /change 
begin /execute {}
done /execute 0
begin /execute {}
done /execute 0
begin /execute {}
done /execute 0
begin /execute {}
done /execute 0
begin /execute {}
done /execute 0
begin /execute {}
done /execute 0
begin /inspect {}
done /inspect 
begin /setup { files: '1000', mixed: 'false' }
done /setup 
begin /change { all: 'true' }
done /change 
begin /execute {}
done /execute 0
begin /execute {}
done /execute 0
begin /execute {}
done /execute 0
begin /execute {}
done /execute 0
begin /execute {}
done /execute 0
begin /execute {}
done /execute 0
begin /inspect {}
done /inspect 
begin /setup { files: '1000', mixed: 'false' }
done /setup 
begin /change { all: 'true' }
done /change 
begin /execute { profile: 'true' }
done /execute 0
begin /execute { profile: 'true' }
done /execute 0
begin /execute { profile: 'true' }
done /execute 0
begin /execute { profile: 'true' }
done /execute 0
begin /execute { profile: 'true' }
done /execute 0
begin /setup { files: '1000', mixed: 'true' }
done /setup 
begin /change { all: 'true' }
done /change 
begin /execute {}
done /execute 0
begin /execute {}
done /execute 0
begin /execute {}
done /execute 0
begin /execute {}
done /execute 0
begin /execute {}
done /execute 0
begin /execute {}
done /execute 0
begin /inspect {}
done /inspect 
begin /setup { files: '1000', mixed: 'true' }
done /setup 
begin /change { all: 'true' }
done /change 
begin /execute {}
done /execute 0
begin /execute {}
done /execute 0
begin /execute {}
done /execute 0
begin /execute {}
done /execute 0
begin /execute {}
done /execute 0
begin /execute {}
done /execute 0
begin /inspect {}
done /inspect 
begin /setup { files: '1000', mixed: 'true' }
done /setup 
begin /change { all: 'true' }
done /change 
begin /execute {}
done /execute 0
begin /execute {}
done /execute 0
begin /execute {}
done /execute 0
begin /execute {}
done /execute 0
begin /execute {}
done /execute 0
begin /execute {}
done /execute 0
begin /inspect {}
done /inspect 
begin /setup { files: '1000', mixed: 'true' }
done /setup 
begin /change { all: 'true' }
done /change 
begin /execute {}
done /execute 0
begin /execute {}
done /execute 0
begin /execute {}
done /execute 0
begin /execute {}
done /execute 0
begin /execute {}
done /execute 0
begin /execute {}
done /execute 0
begin /inspect {}
done /inspect 
begin /setup { files: '1000', mixed: 'true' }
done /setup 
begin /change { all: 'true' }
done /change 
begin /execute {}
done /execute 0
begin /execute {}
done /execute 0
begin /execute {}
done /execute 0
begin /execute {}
done /execute 0
begin /execute {}
done /execute 0
begin /execute {}
done /execute 0
begin /inspect {}
done /inspect 
begin /setup { files: '1000', mixed: 'true' }
done /setup 
begin /change { all: 'true' }
done /change 
begin /execute {}
done /execute 0
begin /execute {}
done /execute 0
begin /execute {}
done /execute 0
begin /execute {}
done /execute 0
begin /execute {}
done /execute 0
begin /execute {}
done /execute 0
begin /inspect {}
done /inspect 
begin /setup { files: '1000', mixed: 'true' }
done /setup 
begin /change { all: 'true' }
done /change 
begin /execute { profile: 'true' }
done /execute 0
begin /execute { profile: 'true' }
done /execute 0
begin /execute { profile: 'true' }
done /execute 0
begin /execute { profile: 'true' }
done /execute 0
begin /execute { profile: 'true' }
done /execute 0
begin /pair {}
done /pair 
begin /execute {}
done /execute 0
begin /pair {}
done /pair 
begin /execute {}
done /execute 0
begin /pair {}
done /pair 
begin /execute {}
done /execute 0
begin /pair {}
done /pair 
begin /execute {}
done /execute 0
begin /pair {}
done /pair 
begin /execute {}
done /execute 0
begin /clear {}
done /clear 
begin /clear {}
done /clear 
begin /clear {}
done /clear 
Completed 8 reliability scenarios, 60 timed samples, 10 profiles
