
> @corca-ai/cf-vfs@0.4.2 deploy:public
> node bench/deploy-public.mjs

Implementation: a12c4dba73d3eb7a24a0f6ce4f98b023c6b5cdd3a66ce598d2d3391ec2891f81

 ⛅️ wrangler 4.114.0 (update available 4.149.0)
───────────────────────────────────────────────
🌀 Building list of assets...
✨ Read 9 files from the assets directory /Users/ak/prjs/cc/cf-vfs/demo/public
🌀 Starting asset upload...
No updated asset files to upload. Proceeding with deployment...
Total Upload: 1538.67 KiB / gzip: 332.97 KiB
Worker Startup Time: 18 ms
Your Worker has access to the following bindings:
Binding                                                       Resource                     
env.PUBLIC_BENCHMARKS (PublicBenchmarks)                      Durable Object               
env.BENCHMARK (VfsBenchmark)                                  Durable Object               
env.DEMO_WORKSPACES (DemoWorkspace)                           Durable Object               
env.BENCHMARK_BUCKET (cf-vfs-benchmark)                       R2 Bucket                    
env.BENCHMARK_RUNNER (cf-vfs-benchmark#BenchmarkRunner)       Worker                       
env.ASSETS                                                    Assets                       
env.VERSION_METADATA                                          Worker Version Metadata      

Uploaded cf-vfs-benchmark (5.75 sec)
Deployed cf-vfs-benchmark triggers (4.91 sec)
  vfs.borca.ai (custom domain)
Current Version ID: 5e6bb266-fb6e-488c-8095-850768a02bf8
