
 RUN  v4.1.10 /Users/ak/prjs/cc/cf-vfs

 ❯ test/git-checkout-isolation.test.ts (1 test | 1 failed) 1050ms
   × a stalled checkout does not hold another filesystem's same-path index lock 1050ms

⎯⎯⎯⎯⎯⎯⎯ Failed Tests 1 ⎯⎯⎯⎯⎯⎯⎯

 FAIL  test/git-checkout-isolation.test.ts > a stalled checkout does not hold another filesystem's same-path index lock
AssertionError: independent checkout blocked on another filesystem: expected undefined to be +0 // Object.is equality

- Expected:
0

+ Received:
undefined

 ❯ test/git-checkout-isolation.test.ts:45:87
     43|   try {
     44|     const completed = await Promise.race([independent, delay(1000).the…
     45|     expect(completed?.exitCode, "independent checkout blocked on anoth…
       |                                                                                       ^
     46|   } finally {
     47|     resume.resolve();

⎯⎯⎯⎯⎯⎯⎯⎯⎯⎯⎯⎯⎯⎯⎯⎯⎯⎯⎯⎯⎯⎯⎯⎯[1/1]⎯


 Test Files  1 failed (1)
      Tests  1 failed (1)
   Start at  00:51:06
   Duration  1.32s (transform 172ms, setup 0ms, import 222ms, tests 1.05s, environment 0ms)

