
> @corca-ai/cf-vfs@0.4.1 bench:check
> npm run build && node bench/check-node-sql.mjs && npm run bench:do


> @corca-ai/cf-vfs@0.4.1 build
> npm run clean && tsc -p tsconfig.build.json


> @corca-ai/cf-vfs@0.4.1 clean
> node -e "require('node:fs').rmSync('dist', { recursive: true, force: true })"

benchmark scenarios verified (17 measurements)

> @corca-ai/cf-vfs@0.4.1 bench:do
> vitest run --config vitest.performance.config.ts --disableConsoleIntercept


 RUN  v4.1.10 /Users/ak/prjs/cc/cf-vfs

text processing workerd: {"name":"sed-global-dense","repeatsPerSample":10,"medianMs":1,"p10Ms":0.9,"p90Ms":1,"statements":2,"rowsRead":2,"rowsWritten":0}
text processing workerd: {"name":"grep-only-matching-dense","repeatsPerSample":10,"medianMs":0.4,"p10Ms":0.4,"p90Ms":0.5,"statements":2,"rowsRead":2,"rowsWritten":0}
text processing workerd: {"name":"awk-gsub-dense","repeatsPerSample":10,"medianMs":0.3,"p10Ms":0.3,"p90Ms":0.4,"statements":2,"rowsRead":2,"rowsWritten":0}
text processing workerd: {"name":"awk-regex-split-dense","repeatsPerSample":10,"medianMs":0.8,"p10Ms":0.7,"p90Ms":0.8,"statements":2,"rowsRead":2,"rowsWritten":0}
text processing workerd: {"name":"grep-short-lines","repeatsPerSample":10,"medianMs":1.2,"p10Ms":1.2,"p90Ms":1.3,"statements":2,"rowsRead":2,"rowsWritten":0}
text processing workerd: {"name":"sed-short-lines","repeatsPerSample":10,"medianMs":2.9,"p10Ms":2.8,"p90Ms":3,"statements":2,"rowsRead":2,"rowsWritten":0}
text processing workerd: {"name":"awk-short-lines","repeatsPerSample":10,"medianMs":2.6,"p10Ms":2.5,"p90Ms":2.7,"statements":2,"rowsRead":2,"rowsWritten":0}
text processing workerd: {"name":"grep-regex-long-record","repeatsPerSample":10,"medianMs":4.8,"p10Ms":4.7,"p90Ms":4.8,"statements":2,"rowsRead":2,"rowsWritten":0}
text processing workerd: {"name":"awk-regex-long-record","repeatsPerSample":10,"medianMs":5,"p10Ms":4.9,"p90Ms":5.1,"statements":2,"rowsRead":2,"rowsWritten":0}
text processing workerd: {"name":"sed-capture-long-record","repeatsPerSample":10,"medianMs":6,"p10Ms":5.9,"p90Ms":6.1,"statements":2,"rowsRead":2,"rowsWritten":0}
SQL optimization: {"name":"batch-create-10","repeatsPerSample":10,"medianMs":0.3,"p10Ms":0.2,"p90Ms":0.4,"statements":53,"rowsRead":53,"rowsWritten":42}
SQL optimization: {"name":"batch-create-100","repeatsPerSample":10,"medianMs":2.6,"p10Ms":2.5,"p90Ms":3,"statements":503,"rowsRead":503,"rowsWritten":402}
SQL optimization: {"name":"append-string","repeatsPerSample":100,"medianMs":0.03,"p10Ms":0.03,"p90Ms":0.07,"statements":6,"rowsRead":7,"rowsWritten":3}
SQL optimization: {"name":"append-bytes","repeatsPerSample":100,"medianMs":0.03,"p10Ms":0.03,"p90Ms":0.04,"statements":7,"rowsRead":7,"rowsWritten":3}
SQL optimization: {"name":"find-shallow","repeatsPerSample":10,"medianMs":0.2,"p10Ms":0.1,"p90Ms":0.2,"statements":2,"rowsRead":52,"rowsWritten":0}
SQL optimization: {"name":"find-filtered","repeatsPerSample":10,"medianMs":0.8,"p10Ms":0.8,"p90Ms":0.9,"statements":2,"rowsRead":5051,"rowsWritten":0}
SQL optimization: {"name":"find-all","repeatsPerSample":10,"medianMs":14.1,"p10Ms":13.4,"p90Ms":14.8,"statements":7,"rowsRead":5061,"rowsWritten":0}
SQL optimization: {"name":"maintenance-1000","repeatsPerSample":100,"medianMs":0,"p10Ms":0,"p90Ms":0.01,"statements":1,"rowsRead":4,"rowsWritten":0}
SQL optimization: {"name":"gc-insert-1000","statements":1,"rowsRead":0,"rowsWritten":3,"databaseBytes":348160}
SQL optimization: {"name":"maintenance-10000","repeatsPerSample":100,"medianMs":0,"p10Ms":0,"p90Ms":0.01,"statements":1,"rowsRead":4,"rowsWritten":0}
SQL optimization: {"name":"gc-insert-10000","statements":1,"rowsRead":0,"rowsWritten":3,"databaseBytes":2375680}
DO small-BLOB benchmark: {"fileCount":512,"logicalBytes":5242790,"databaseBytes":6279168,"storageAmplification":1.197676809485026,"chunks":512,"checksum":125590,"writeMs":35,"readMs":19,"writeCost":{"statements":4096,"rowsRead":4096,"rowsWritten":3072},"readCost":{"statements":1024,"rowsRead":1535,"rowsWritten":0}}
DO storage benchmark: {"rowsRead":17,"rowsWritten":5,"databaseBytesBefore":1175552,"databaseBytesAfter":1175552,"chunks":4,"outputBytes":1048576,"firstByte":7,"estimatedSqlRowUsd":0.000005017}
DO append benchmark: {"1MiB":{"durationMs":0.8,"maxRowsWritten":3},"8MiB":{"durationMs":1,"maxRowsWritten":3}}
DO subtree benchmark: {"copy":10,"move":9,"remove":10}
DO change-cursor benchmark: {"off":{"statements":34,"rowsRead":359,"rowsWritten":118,"point":{"statements":3,"rowsRead":5,"rowsWritten":2},"databaseBytes":126976,"changes":0},"on":{"statements":43,"rowsRead":450,"rowsWritten":208,"point":{"statements":4,"rowsRead":5,"rowsWritten":4},"databaseBytes":126976,"changes":32}}
DO subtree latency: {"100":{"copyMs":0.45,"moveMs":0.2,"removeMs":0.15},"1000":{"copyMs":3.1,"moveMs":2,"removeMs":1.7}}
DO point benchmark: {"statCost":{"statements":1,"nextCalls":0,"toArrayCalls":1,"oneCalls":0},"populatedStatCost":{"rowsRead":1,"statements":1},"overwriteCost":{"statements":3,"rowsRead":5,"rowsWritten":2},"readEditCost":{"statements":4,"rowsRead":6,"rowsWritten":2},"coldDigestCost":{"statements":3,"rowsRead":3,"rowsWritten":1},"warmDigestCost":{"statements":1,"rowsRead":1,"rowsWritten":0},"statQueryPlan":["SEARCH e USING INDEX vfs_entries_path (path=?)"],"warmInitializeMs":0.007,"statMs":0.0047,"overwriteMs":0.02,"writeAfterReadMs":{"cached":0.014,"uncached":0.02},"utf8ReadMs":0.0234,"globFindMs":2.66}
token schema workerd spike: {"split":{"layout":"split","databaseBytes":1613824,"statMs":23,"listMs":35,"updateMs":22,"costs":{"stat":{"statements":10000,"rowsRead":20000,"rowsWritten":0},"list":{"statements":500,"rowsRead":100000,"rowsWritten":0},"update":{"statements":10000,"rowsRead":15000,"rowsWritten":10000}}},"separated":{"layout":"separated","databaseBytes":1306624,"statMs":21,"listMs":30,"updateMs":13,"costs":{"stat":{"statements":10000,"rowsRead":10000,"rowsWritten":0},"list":{"statements":500,"rowsRead":50000,"rowsWritten":0},"update":{"statements":5000,"rowsRead":10000,"rowsWritten":5000}}}}
POSIX COST [{"op":"stat","depth":1,"ms":5,"statements":500,"rowsRead":3500},{"op":"stat","depth":16,"ms":12,"statements":500,"rowsRead":26000},{"op":"stat","depth":64,"ms":56,"statements":500,"rowsRead":98000},{"op":"rename-replace","bytes":80,"statements":12,"rowsRead":151,"rowsWritten":10},{"op":"rename-replace","bytes":1048576,"statements":12,"rowsRead":155,"rowsWritten":13},{"op":"rename-replace","bytes":8388608,"statements":12,"rowsRead":183,"rowsWritten":41}]
POSIX PERF FIVE [{"name":"fstat","statements":1,"rowsRead":2,"rowsWritten":0},{"name":"fd-read","statements":3,"rowsRead":4,"rowsWritten":0},{"name":"fstat-detached","statements":2,"rowsRead":2,"rowsWritten":0},{"name":"fd-read-detached","statements":4,"rowsRead":4,"rowsWritten":0},{"name":"fd-readfile-detached","statements":4,"rowsRead":4,"rowsWritten":0},{"name":"create-wide","statements":8,"rowsRead":9,"rowsWritten":6},{"name":"rename-wide","statements":8,"rowsRead":2012,"rowsWritten":5},{"name":"truncate-zero-1048576","statements":5,"rowsRead":2042,"rowsWritten":34},{"name":"truncate-zero-8388608","statements":5,"rowsRead":2268,"rowsWritten":258},{"name":"truncate-boundary","statements":7,"rowsRead":2046,"rowsWritten":33},{"name":"write-full","statements":35,"rowsRead":1041,"rowsWritten":33},{"name":"write-byte","statements":5,"rowsRead":1011,"rowsWritten":2},{"name":"alias-chmod","statements":3,"rowsRead":3,"rowsWritten":1},{"name":"alias-write","statements":3,"rowsRead":8,"rowsWritten":2},{"name":"alias-shared-write","statements":4,"rowsRead":1031,"rowsWritten":5}]
POSIX HANDLE COST [{"size":32768,"read":{"statements":3,"rowsRead":4,"rowsWritten":0},"write":{"statements":5,"rowsRead":6,"rowsWritten":2}},{"size":8388608,"read":{"statements":3,"rowsRead":4,"rowsWritten":0},"write":{"statements":5,"rowsRead":6,"rowsWritten":2}}]

 Test Files  7 passed (7)
      Tests  30 passed (30)
   Start at  16:54:10
   Duration  10.43s (transform 250ms, setup 0ms, import 1.64s, tests 7.74s, environment 1ms)

